vvd2@GG-4042 ~/geospatial-learn (john)
$ cd ../John\ Stuff

vvd2@GG-4042 ~/John Stuff
$ git init
Initialized empty Git repository in z:/John Stuff/.git/

vvd2@GG-4042 ~/John Stuff (master)
$ ls
Using Git.docx  ~$ing Git.docx

vvd2@GG-4042 ~/John Stuff (master)
$ git add README.md
fatal: pathspec 'README.md' did not match any files

vvd2@GG-4042 ~/John Stuff (master)
$ touch README.md

vvd2@GG-4042 ~/John Stuff (master)
$ vim README.md

vvd2@GG-4042 ~/John Stuff (master)
$ cat README.md
This is a practice repo for practicing and demoing Git via Github for the CLCR

Come the end, it will contain
-A PDF of the final document
-The Word doc of the same
-LaTeX code for typesetting the doc
-A collection of figures

vvd2@GG-4042 ~/John Stuff (master)
$ git add README.md

vvd2@GG-4042 ~/John Stuff (master)
$ git commit 'First commit'
error: pathspec 'First commit' did not match any file(s) known to git.

vvd2@GG-4042 ~/John Stuff (master)
$ git commit
Aborting commit due to empty commit message.

vvd2@GG-4042 ~/John Stuff (master)
$ ls
README.md  Using Git.docx  ~$ing Git.docx

vvd2@GG-4042 ~/John Stuff (master)
$ git add Using\ Git.docx

vvd2@GG-4042 ~/John Stuff (master)
$ git commit
[master (root-commit) 7719b8a] Initial commit
 2 files changed, 7 insertions(+)
 create mode 100644 README.md
 create mode 100644 Using Git.docx

vvd2@GG-4042 ~/John Stuff (master)
$ git remote add origin https://github.com/Thingus/GitWellSoon.git

vvd2@GG-4042 ~/John Stuff (master)
$ git push -u origin master
Username for 'https://github.com': thingus
Password for 'https://thingus@github.com':
Counting objects: 4, done.
Delta compression using up to 4 threads.
Compressing objects: 100% (4/4), done.
Writing objects: 100% (4/4), 13.57 KiB | 0 bytes/s, done.
Total 4 (delta 0), reused 0 (delta 0)
To https://github.com/Thingus/GitWellSoon.git
 * [new branch]      master -> master
Branch master set up to track remote branch master from origin.

vvd2@GG-4042 ~/John Stuff (master)
$
